python : 2026-01-19 
17:15:12.761938: I tensorflo
w/core/util/port.cc:153] 
oneDNN custom operations 
are on. You may see 
slightly different 
numerical results due to 
floating-point round-off 
errors from different 
computation orders. To turn 
them off, set the 
environment variable 
`TF_ENABLE_ONEDNN_OPTS=0`.
At line:1 char:1
+ python backend/server/test
_chatbot_kb.py > 
test_log.txt 2>&1
+ ~~~~~~~~~~~~~~~~~~~~~~~~~~
~~~~~~~~~~~~~~~~~~~~~~~~~~~~
~~~~~~
    + CategoryInfo          
    : NotSpecified: (2026-  
  01-19 17:1...ONEDNN_OPT   
 S=0`.:String) [], Remot    
eException
    + FullyQualifiedErrorId 
    : NativeCommandError
 
2026-01-19 17:15:24.521169: 
I tensorflow/core/util/port.
cc:153] oneDNN custom 
operations are on. You may 
see slightly different 
numerical results due to 
floating-point round-off 
errors from different 
computation orders. To turn 
them off, set the 
environment variable 
`TF_ENABLE_ONEDNN_OPTS=0`.
WARNING:tensorflow:From C:\U
sers\manna\AppData\Local\Pro
grams\Python\Python310\lib\s
ite-packages\tf_keras\src\lo
sses.py:2976: The name tf.lo
sses.sparse_softmax_cross_en
tropy is deprecated. Please 
use tf.compat.v1.losses.spar
se_softmax_cross_entropy 
instead.

Traceback (most recent call 
last):
  File "C:\Users\manna\OneDr
ive\Desktop\Krishi-Mate\back
end\server\test_chatbot_kb.p
y", line 7, in <module>
    from chatbot2 import 
get_bot_response
  File "C:\Users\manna\OneDr
ive\Desktop\Krishi-Mate\back
end\server\chatbot2.py", 
line 17, in <module>
    print("\u26a0\ufe0f 
WARNING: OpenRouter API key 
not found. Chatbot 
functionality will be 
disabled.")
  File "C:\Users\manna\AppDa
ta\Local\Programs\Python\Pyt
hon310\lib\encodings\cp1252.
py", line 19, in encode
    return codecs.charmap_en
code(input,self.errors,encod
ing_table)[0]
UnicodeEncodeError: 
'charmap' codec can't 
encode characters in 
position 0-1: character 
maps to <undefined>
